// Jest Snapshot v1, https://goo.gl/fbAQLP

exports[`should render App correctly 1`] = `
<RCTSafeAreaView
  emulateUnlessSupported={true}
  style={
    Object {
      "flex": 1,
    }
  }
>
  <RNCSafeAreaProvider
    onInsetsChange={[Function]}
    style={
      Array [
        Object {
          "flex": 1,
        },
        undefined,
      ]
    }
  >
    <RNSScreenStack
      style={
        Object {
          "flex": 1,
        }
      }
    >
      <RNSScreen
        collapsable={false}
        forwardedRef={[Function]}
        onAppear={[Function]}
        onDisappear={[Function]}
        onDismissed={[Function]}
        onTransitionProgress={[Function]}
        onWillDisappear={[Function]}
        replaceAnimation="push"
        stackPresentation="push"
        style={
          Object {
            "bottom": 0,
            "left": 0,
            "position": "absolute",
            "right": 0,
            "top": 0,
          }
        }
      >
        <View
          onLayout={[Function]}
        >
          <View
            style={
              Object {
                "alignItems": "center",
                "backgroundColor": "#fff",
                "display": "flex",
                "height": 44,
                "justifyContent": "center",
                "position": "relative",
              }
            }
          >
            <Text>
              Login
            </Text>
          </View>
        </View>
        <View
          style={
            Array [
              Object {
                "flex": 1,
              },
              Object {
                "backgroundColor": "rgb(242, 242, 242)",
              },
              undefined,
            ]
          }
        >
          <RCTScrollView
            contentContainerStyle={
              Object {
                "alignItems": "center",
                "display": "flex",
                "flex": 1,
                "flexDirection": "column",
                "justifyContent": "center",
                "marginHorizontal": 44,
              }
            }
          >
            <View>
              <Text
                style={
                  Object {
                    "alignItems": "center",
                    "display": "flex",
                    "fontWeight": "bold",
                    "justifyContent": "center",
                    "marginBottom": 16,
                  }
                }
              >
                Who are youÂ ?
              </Text>
              <TextInput
                collapsable={false}
                handlerTag={1}
                handlerType="NativeViewGestureHandler"
                onChangeText={[Function]}
                onGestureHandlerEvent={[Function]}
                onGestureHandlerStateChange={[Function]}
                style={
                  Object {
                    "borderWidth": 1,
                    "height": 40,
                    "marginBottom": 32,
                    "padding": 10,
                    "width": "80%",
                  }
                }
                value="Useless Text"
              />
            </View>
          </RCTScrollView>
        </View>
      </RNSScreen>
    </RNSScreenStack>
  </RNCSafeAreaProvider>
</RCTSafeAreaView>
`;
